[env] loaded /Users/danielshenmuan/PycharmProjects/nba_api/.env
[AUTH] project: None
Traceback (most recent call last):
  File "/Users/danielshenmuan/PycharmProjects/nba_api/.venv/lib/python3.13/site-packages/urllib3/connectionpool.py", line 787, in urlopen
    response = self._make_request(
        conn,
    ...<10 lines>...
        **response_kw,
    )
  File "/Users/danielshenmuan/PycharmProjects/nba_api/.venv/lib/python3.13/site-packages/urllib3/connectionpool.py", line 534, in _make_request
    response = conn.getresponse()
  File "/Users/danielshenmuan/PycharmProjects/nba_api/.venv/lib/python3.13/site-packages/urllib3/connection.py", line 565, in getresponse
    httplib_response = super().getresponse()
  File "/Library/Frameworks/Python.framework/Versions/3.13/lib/python3.13/http/client.py", line 1430, in getresponse
    response.begin()
    ~~~~~~~~~~~~~~^^
  File "/Library/Frameworks/Python.framework/Versions/3.13/lib/python3.13/http/client.py", line 331, in begin
    version, status, reason = self._read_status()
                              ~~~~~~~~~~~~~~~~~^^
  File "/Library/Frameworks/Python.framework/Versions/3.13/lib/python3.13/http/client.py", line 292, in _read_status
    line = str(self.fp.readline(_MAXLINE + 1), "iso-8859-1")
               ~~~~~~~~~~~~~~~~^^^^^^^^^^^^^^
  File "/Library/Frameworks/Python.framework/Versions/3.13/lib/python3.13/socket.py", line 719, in readinto
    return self._sock.recv_into(b)
           ~~~~~~~~~~~~~~~~~~~~^^^
  File "/Library/Frameworks/Python.framework/Versions/3.13/lib/python3.13/ssl.py", line 1304, in recv_into
    return self.read(nbytes, buffer)
           ~~~~~~~~~^^^^^^^^^^^^^^^^
  File "/Library/Frameworks/Python.framework/Versions/3.13/lib/python3.13/ssl.py", line 1138, in read
    return self._sslobj.read(len, buffer)
           ~~~~~~~~~~~~~~~~~^^^^^^^^^^^^^
ConnectionResetError: [Errno 54] Connection reset by peer

During handling of the above exception, another exception occurred:

Traceback (most recent call last):
  File "/Users/danielshenmuan/PycharmProjects/nba_api/.venv/lib/python3.13/site-packages/requests/adapters.py", line 644, in send
    resp = conn.urlopen(
        method=request.method,
    ...<9 lines>...
        chunked=chunked,
    )
  File "/Users/danielshenmuan/PycharmProjects/nba_api/.venv/lib/python3.13/site-packages/urllib3/connectionpool.py", line 841, in urlopen
    retries = retries.increment(
        method, url, error=new_e, _pool=self, _stacktrace=sys.exc_info()[2]
    )
  File "/Users/danielshenmuan/PycharmProjects/nba_api/.venv/lib/python3.13/site-packages/urllib3/util/retry.py", line 474, in increment
    raise reraise(type(error), error, _stacktrace)
          ~~~~~~~^^^^^^^^^^^^^^^^^^^^^^^^^^^^^^^^^
  File "/Users/danielshenmuan/PycharmProjects/nba_api/.venv/lib/python3.13/site-packages/urllib3/util/util.py", line 38, in reraise
    raise value.with_traceback(tb)
  File "/Users/danielshenmuan/PycharmProjects/nba_api/.venv/lib/python3.13/site-packages/urllib3/connectionpool.py", line 787, in urlopen
    response = self._make_request(
        conn,
    ...<10 lines>...
        **response_kw,
    )
  File "/Users/danielshenmuan/PycharmProjects/nba_api/.venv/lib/python3.13/site-packages/urllib3/connectionpool.py", line 534, in _make_request
    response = conn.getresponse()
  File "/Users/danielshenmuan/PycharmProjects/nba_api/.venv/lib/python3.13/site-packages/urllib3/connection.py", line 565, in getresponse
    httplib_response = super().getresponse()
  File "/Library/Frameworks/Python.framework/Versions/3.13/lib/python3.13/http/client.py", line 1430, in getresponse
    response.begin()
    ~~~~~~~~~~~~~~^^
  File "/Library/Frameworks/Python.framework/Versions/3.13/lib/python3.13/http/client.py", line 331, in begin
    version, status, reason = self._read_status()
                              ~~~~~~~~~~~~~~~~~^^
  File "/Library/Frameworks/Python.framework/Versions/3.13/lib/python3.13/http/client.py", line 292, in _read_status
    line = str(self.fp.readline(_MAXLINE + 1), "iso-8859-1")
               ~~~~~~~~~~~~~~~~^^^^^^^^^^^^^^
  File "/Library/Frameworks/Python.framework/Versions/3.13/lib/python3.13/socket.py", line 719, in readinto
    return self._sock.recv_into(b)
           ~~~~~~~~~~~~~~~~~~~~^^^
  File "/Library/Frameworks/Python.framework/Versions/3.13/lib/python3.13/ssl.py", line 1304, in recv_into
    return self.read(nbytes, buffer)
           ~~~~~~~~~^^^^^^^^^^^^^^^^
  File "/Library/Frameworks/Python.framework/Versions/3.13/lib/python3.13/ssl.py", line 1138, in read
    return self._sslobj.read(len, buffer)
           ~~~~~~~~~~~~~~~~~^^^^^^^^^^^^^
urllib3.exceptions.ProtocolError: ('Connection aborted.', ConnectionResetError(54, 'Connection reset by peer'))

During handling of the above exception, another exception occurred:

Traceback (most recent call last):
  File "/Users/danielshenmuan/PycharmProjects/nba_api/jobs/ownership_ingest.py", line 393, in <module>
    run()
    ~~~^^
  File "/Users/danielshenmuan/PycharmProjects/nba_api/jobs/ownership_ingest.py", line 356, in run
    yahoo_df = fetch_yahoo_roster_df(q)
  File "/Users/danielshenmuan/PycharmProjects/nba_api/jobs/ownership_ingest.py", line 296, in fetch_yahoo_roster_df
    players = list(_iter_player_pool(q, league_key=league_key))
  File "/Users/danielshenmuan/PycharmProjects/nba_api/jobs/ownership_ingest.py", line 228, in _iter_player_pool
    payload = _call_with_retries(q.query, url, ["league", "players"], None)
  File "/Users/danielshenmuan/PycharmProjects/nba_api/jobs/ownership_ingest.py", line 185, in _call_with_retries
    result = fn(*args, **kwargs)
  File "/Users/danielshenmuan/PycharmProjects/nba_api/.venv/lib/python3.13/site-packages/yfpy/query.py", line 514, in query
    response = self.get_response(url)
  File "/Users/danielshenmuan/PycharmProjects/nba_api/.venv/lib/python3.13/site-packages/yfpy/query.py", line 432, in get_response
    response: Response = self.oauth.session.get(url, params={"format": "json"})
                         ~~~~~~~~~~~~~~~~~~~~~~^^^^^^^^^^^^^^^^^^^^^^^^^^^^^^^^
  File "/Users/danielshenmuan/PycharmProjects/nba_api/.venv/lib/python3.13/site-packages/requests/sessions.py", line 602, in get
    return self.request("GET", url, **kwargs)
           ~~~~~~~~~~~~^^^^^^^^^^^^^^^^^^^^^^
  File "/Users/danielshenmuan/PycharmProjects/nba_api/.venv/lib/python3.13/site-packages/rauth/session.py", line 358, in request
    return super(OAuth2Session, self).request(method, url, **req_kwargs)
           ~~~~~~~~~~~~~~~~~~~~~~~~~~~~~~~~~~^^^^^^^^^^^^^^^^^^^^^^^^^^^
  File "/Users/danielshenmuan/PycharmProjects/nba_api/.venv/lib/python3.13/site-packages/requests/sessions.py", line 589, in request
    resp = self.send(prep, **send_kwargs)
  File "/Users/danielshenmuan/PycharmProjects/nba_api/.venv/lib/python3.13/site-packages/requests/sessions.py", line 703, in send
    r = adapter.send(request, **kwargs)
  File "/Users/danielshenmuan/PycharmProjects/nba_api/.venv/lib/python3.13/site-packages/requests/adapters.py", line 659, in send
    raise ConnectionError(err, request=request)
requests.exceptions.ConnectionError: ('Connection aborted.', ConnectionResetError(54, 'Connection reset by peer'))
2025-11-03 01:00:34.478 - ERROR - query.py - yfpy.query:541 - No data found when attempting extraction from fields: ['league', 'players']
[env] loaded /Users/danielshenmuan/PycharmProjects/nba_api/.env
[AUTH] project: None
[Yahoo] player pool fetched: 700 players
[Yahoo] percent-owned fetched for 100/700 keys (14.3%)
Traceback (most recent call last):
  File "/Users/danielshenmuan/PycharmProjects/nba_api/.venv/lib/python3.13/site-packages/urllib3/connectionpool.py", line 534, in _make_request
    response = conn.getresponse()
  File "/Users/danielshenmuan/PycharmProjects/nba_api/.venv/lib/python3.13/site-packages/urllib3/connection.py", line 565, in getresponse
    httplib_response = super().getresponse()
  File "/Library/Frameworks/Python.framework/Versions/3.13/lib/python3.13/http/client.py", line 1430, in getresponse
    response.begin()
    ~~~~~~~~~~~~~~^^
  File "/Library/Frameworks/Python.framework/Versions/3.13/lib/python3.13/http/client.py", line 331, in begin
    version, status, reason = self._read_status()
                              ~~~~~~~~~~~~~~~~~^^
  File "/Library/Frameworks/Python.framework/Versions/3.13/lib/python3.13/http/client.py", line 292, in _read_status
    line = str(self.fp.readline(_MAXLINE + 1), "iso-8859-1")
               ~~~~~~~~~~~~~~~~^^^^^^^^^^^^^^
  File "/Library/Frameworks/Python.framework/Versions/3.13/lib/python3.13/socket.py", line 719, in readinto
    return self._sock.recv_into(b)
           ~~~~~~~~~~~~~~~~~~~~^^^
  File "/Library/Frameworks/Python.framework/Versions/3.13/lib/python3.13/ssl.py", line 1304, in recv_into
    return self.read(nbytes, buffer)
           ~~~~~~~~~^^^^^^^^^^^^^^^^
  File "/Library/Frameworks/Python.framework/Versions/3.13/lib/python3.13/ssl.py", line 1138, in read
    return self._sslobj.read(len, buffer)
           ~~~~~~~~~~~~~~~~~^^^^^^^^^^^^^
TimeoutError: [Errno 60] Operation timed out

The above exception was the direct cause of the following exception:

Traceback (most recent call last):
  File "/Users/danielshenmuan/PycharmProjects/nba_api/.venv/lib/python3.13/site-packages/requests/adapters.py", line 644, in send
    resp = conn.urlopen(
        method=request.method,
    ...<9 lines>...
        chunked=chunked,
    )
  File "/Users/danielshenmuan/PycharmProjects/nba_api/.venv/lib/python3.13/site-packages/urllib3/connectionpool.py", line 841, in urlopen
    retries = retries.increment(
        method, url, error=new_e, _pool=self, _stacktrace=sys.exc_info()[2]
    )
  File "/Users/danielshenmuan/PycharmProjects/nba_api/.venv/lib/python3.13/site-packages/urllib3/util/retry.py", line 474, in increment
    raise reraise(type(error), error, _stacktrace)
          ~~~~~~~^^^^^^^^^^^^^^^^^^^^^^^^^^^^^^^^^
  File "/Users/danielshenmuan/PycharmProjects/nba_api/.venv/lib/python3.13/site-packages/urllib3/util/util.py", line 39, in reraise
    raise value
  File "/Users/danielshenmuan/PycharmProjects/nba_api/.venv/lib/python3.13/site-packages/urllib3/connectionpool.py", line 787, in urlopen
    response = self._make_request(
        conn,
    ...<10 lines>...
        **response_kw,
    )
  File "/Users/danielshenmuan/PycharmProjects/nba_api/.venv/lib/python3.13/site-packages/urllib3/connectionpool.py", line 536, in _make_request
    self._raise_timeout(err=e, url=url, timeout_value=read_timeout)
    ~~~~~~~~~~~~~~~~~~~^^^^^^^^^^^^^^^^^^^^^^^^^^^^^^^^^^^^^^^^^^^^
  File "/Users/danielshenmuan/PycharmProjects/nba_api/.venv/lib/python3.13/site-packages/urllib3/connectionpool.py", line 367, in _raise_timeout
    raise ReadTimeoutError(
        self, url, f"Read timed out. (read timeout={timeout_value})"
    ) from err
urllib3.exceptions.ReadTimeoutError: HTTPSConnectionPool(host='fantasysports.yahooapis.com', port=443): Read timed out. (read timeout=300.0)

During handling of the above exception, another exception occurred:

Traceback (most recent call last):
  File "/Users/danielshenmuan/PycharmProjects/nba_api/jobs/ownership_ingest.py", line 393, in <module>
    run()
    ~~~^^
  File "/Users/danielshenmuan/PycharmProjects/nba_api/jobs/ownership_ingest.py", line 356, in run
    yahoo_df = fetch_yahoo_roster_df(q)
  File "/Users/danielshenmuan/PycharmProjects/nba_api/jobs/ownership_ingest.py", line 311, in fetch_yahoo_roster_df
    batch_map = _percent_owned_batch_values(q, league_key, batch)
  File "/Users/danielshenmuan/PycharmProjects/nba_api/jobs/ownership_ingest.py", line 271, in _percent_owned_batch_values
    payload = _call_with_retries(q.query, url, ["league", "players"], None)
  File "/Users/danielshenmuan/PycharmProjects/nba_api/jobs/ownership_ingest.py", line 185, in _call_with_retries
    result = fn(*args, **kwargs)
  File "/Users/danielshenmuan/PycharmProjects/nba_api/.venv/lib/python3.13/site-packages/yfpy/query.py", line 514, in query
    response = self.get_response(url)
  File "/Users/danielshenmuan/PycharmProjects/nba_api/.venv/lib/python3.13/site-packages/yfpy/query.py", line 432, in get_response
    response: Response = self.oauth.session.get(url, params={"format": "json"})
                         ~~~~~~~~~~~~~~~~~~~~~~^^^^^^^^^^^^^^^^^^^^^^^^^^^^^^^^
  File "/Users/danielshenmuan/PycharmProjects/nba_api/.venv/lib/python3.13/site-packages/requests/sessions.py", line 602, in get
    return self.request("GET", url, **kwargs)
           ~~~~~~~~~~~~^^^^^^^^^^^^^^^^^^^^^^
  File "/Users/danielshenmuan/PycharmProjects/nba_api/.venv/lib/python3.13/site-packages/rauth/session.py", line 358, in request
    return super(OAuth2Session, self).request(method, url, **req_kwargs)
           ~~~~~~~~~~~~~~~~~~~~~~~~~~~~~~~~~~^^^^^^^^^^^^^^^^^^^^^^^^^^^
  File "/Users/danielshenmuan/PycharmProjects/nba_api/.venv/lib/python3.13/site-packages/requests/sessions.py", line 589, in request
    resp = self.send(prep, **send_kwargs)
  File "/Users/danielshenmuan/PycharmProjects/nba_api/.venv/lib/python3.13/site-packages/requests/sessions.py", line 703, in send
    r = adapter.send(request, **kwargs)
  File "/Users/danielshenmuan/PycharmProjects/nba_api/.venv/lib/python3.13/site-packages/requests/adapters.py", line 690, in send
    raise ReadTimeout(e, request=request)
requests.exceptions.ReadTimeout: HTTPSConnectionPool(host='fantasysports.yahooapis.com', port=443): Read timed out. (read timeout=300.0)
2025-11-04 01:00:30.532 - ERROR - query.py - yfpy.query:541 - No data found when attempting extraction from fields: ['league', 'players']
/Users/danielshenmuan/PycharmProjects/nba_api/.venv/lib/python3.13/site-packages/google/cloud/bigquery/table.py:1994: UserWarning: BigQuery Storage module not found, fetch data with the REST endpoint instead.
  warnings.warn(
[env] loaded /Users/danielshenmuan/PycharmProjects/nba_api/.env
[AUTH] project: None
[Yahoo] player pool fetched: 700 players
[Yahoo] percent-owned fetched for 100/700 keys (14.3%)
[Yahoo] percent-owned fetched for 200/700 keys (28.6%)
[Yahoo] percent-owned fetched for 300/700 keys (42.9%)
[Yahoo] percent-owned fetched for 400/700 keys (57.1%)
[Yahoo] percent-owned fetched for 500/700 keys (71.4%)
[Yahoo] percent-owned fetched for 600/700 keys (85.7%)
[Yahoo] percent-owned fetched for 700/700 keys (100.0%)
[Yahoo] processed 100/700 (14.3%)
[Yahoo] processed 200/700 (28.6%)
[Yahoo] processed 300/700 (42.9%)
[Yahoo] processed 400/700 (57.1%)
[Yahoo] processed 500/700 (71.4%)
[Yahoo] processed 600/700 (85.7%)
[Yahoo] processed 700/700 (100.0%)
[BQ] loading 700 rows to fantasy-survivor-app.nba_data.player_ownership …
[BQ] done. 700 rows → fantasy-survivor-app.nba_data.player_ownership (2025-11-04)
2025-11-06 01:00:33.191 - ERROR - query.py - yfpy.query:541 - No data found when attempting extraction from fields: ['league', 'players']
2025-11-06 01:01:13.118 - ERROR - query.py - yfpy.query:541 - No data found when attempting extraction from fields: ['league', 'players']
/Users/danielshenmuan/PycharmProjects/nba_api/.venv/lib/python3.13/site-packages/google/cloud/bigquery/table.py:1994: UserWarning: BigQuery Storage module not found, fetch data with the REST endpoint instead.
  warnings.warn(
[env] loaded /Users/danielshenmuan/PycharmProjects/nba_api/.env
[AUTH] project: None
[Yahoo] player pool fetched: 700 players
[Yahoo] percent-owned fetched for 100/700 keys (14.3%)
[Yahoo] percent-owned fetched for 200/700 keys (28.6%)
[Yahoo] percent-owned fetched for 300/700 keys (42.9%)
[Yahoo] percent-owned fetched for 400/700 keys (57.1%)
[Yahoo] percent-owned fetched for 500/700 keys (71.4%)
[Yahoo] percent-owned fetched for 600/700 keys (85.7%)
[Yahoo] percent-owned fetched for 700/700 keys (100.0%)
[Yahoo] processed 100/700 (14.3%)
[Yahoo] processed 200/700 (28.6%)
[Yahoo] processed 300/700 (42.9%)
[Yahoo] processed 400/700 (57.1%)
[Yahoo] processed 500/700 (71.4%)
[Yahoo] processed 600/700 (85.7%)
[Yahoo] processed 700/700 (100.0%)
[BQ] loading 700 rows to fantasy-survivor-app.nba_data.player_ownership …
[BQ] done. 700 rows → fantasy-survivor-app.nba_data.player_ownership (2025-11-06, week=current)
2025-11-07 01:00:32.831 - ERROR - query.py - yfpy.query:541 - No data found when attempting extraction from fields: ['league', 'players']
/Users/danielshenmuan/PycharmProjects/nba_api/.venv/lib/python3.13/site-packages/google/cloud/bigquery/table.py:1994: UserWarning: BigQuery Storage module not found, fetch data with the REST endpoint instead.
  warnings.warn(
[env] loaded /Users/danielshenmuan/PycharmProjects/nba_api/.env
[AUTH] project: None
[Yahoo] player pool fetched: 700 players
[Yahoo] percent-owned fetched for 100/700 keys (14.3%)
[Yahoo] percent-owned fetched for 200/700 keys (28.6%)
[Yahoo] percent-owned fetched for 300/700 keys (42.9%)
[Yahoo] percent-owned fetched for 400/700 keys (57.1%)
[Yahoo] percent-owned fetched for 500/700 keys (71.4%)
[Yahoo] percent-owned fetched for 600/700 keys (85.7%)
[Yahoo] percent-owned fetched for 700/700 keys (100.0%)
[Yahoo] processed 100/700 (14.3%)
[Yahoo] processed 200/700 (28.6%)
[Yahoo] processed 300/700 (42.9%)
[Yahoo] processed 400/700 (57.1%)
[Yahoo] processed 500/700 (71.4%)
[Yahoo] processed 600/700 (85.7%)
[Yahoo] processed 700/700 (100.0%)
[BQ] loading 700 rows to fantasy-survivor-app.nba_data.player_ownership …
[BQ] done. 700 rows → fantasy-survivor-app.nba_data.player_ownership (2025-11-07, week=current)
2025-11-09 01:00:32.281 - ERROR - query.py - yfpy.query:541 - No data found when attempting extraction from fields: ['league', 'players']
/Users/danielshenmuan/PycharmProjects/nba_api/.venv/lib/python3.13/site-packages/google/cloud/bigquery/table.py:1994: UserWarning: BigQuery Storage module not found, fetch data with the REST endpoint instead.
  warnings.warn(
[env] loaded /Users/danielshenmuan/PycharmProjects/nba_api/.env
[AUTH] project: None
[Yahoo] player pool fetched: 700 players
[Yahoo] percent-owned fetched for 100/700 keys (14.3%)
[Yahoo] percent-owned fetched for 200/700 keys (28.6%)
[Yahoo] percent-owned fetched for 300/700 keys (42.9%)
[Yahoo] percent-owned fetched for 400/700 keys (57.1%)
[Yahoo] percent-owned fetched for 500/700 keys (71.4%)
[Yahoo] percent-owned fetched for 600/700 keys (85.7%)
[Yahoo] percent-owned fetched for 700/700 keys (100.0%)
[Yahoo] processed 100/700 (14.3%)
[Yahoo] processed 200/700 (28.6%)
[Yahoo] processed 300/700 (42.9%)
[Yahoo] processed 400/700 (57.1%)
[Yahoo] processed 500/700 (71.4%)
[Yahoo] processed 600/700 (85.7%)
[Yahoo] processed 700/700 (100.0%)
[BQ] loading 700 rows to fantasy-survivor-app.nba_data.player_ownership …
[BQ] done. 700 rows → fantasy-survivor-app.nba_data.player_ownership (2025-11-09, week=current)
2025-11-10 01:00:31.953 - ERROR - query.py - yfpy.query:541 - No data found when attempting extraction from fields: ['league', 'players']
/Users/danielshenmuan/PycharmProjects/nba_api/.venv/lib/python3.13/site-packages/google/cloud/bigquery/table.py:1994: UserWarning: BigQuery Storage module not found, fetch data with the REST endpoint instead.
  warnings.warn(
[env] loaded /Users/danielshenmuan/PycharmProjects/nba_api/.env
[AUTH] project: None
[Yahoo] player pool fetched: 700 players
[Yahoo] percent-owned fetched for 100/700 keys (14.3%)
[Yahoo] percent-owned fetched for 200/700 keys (28.6%)
[Yahoo] percent-owned fetched for 300/700 keys (42.9%)
[Yahoo] percent-owned fetched for 400/700 keys (57.1%)
[Yahoo] percent-owned fetched for 500/700 keys (71.4%)
[Yahoo] percent-owned fetched for 600/700 keys (85.7%)
[Yahoo] percent-owned fetched for 700/700 keys (100.0%)
[Yahoo] processed 100/700 (14.3%)
[Yahoo] processed 200/700 (28.6%)
[Yahoo] processed 300/700 (42.9%)
[Yahoo] processed 400/700 (57.1%)
[Yahoo] processed 500/700 (71.4%)
[Yahoo] processed 600/700 (85.7%)
[Yahoo] processed 700/700 (100.0%)
[BQ] loading 700 rows to fantasy-survivor-app.nba_data.player_ownership …
[BQ] done. 700 rows → fantasy-survivor-app.nba_data.player_ownership (2025-11-10, week=current)
2025-11-11 01:00:32.135 - ERROR - query.py - yfpy.query:541 - No data found when attempting extraction from fields: ['league', 'players']
/Users/danielshenmuan/PycharmProjects/nba_api/.venv/lib/python3.13/site-packages/google/cloud/bigquery/table.py:1994: UserWarning: BigQuery Storage module not found, fetch data with the REST endpoint instead.
  warnings.warn(
[env] loaded /Users/danielshenmuan/PycharmProjects/nba_api/.env
[AUTH] project: None
[Yahoo] player pool fetched: 700 players
[Yahoo] percent-owned fetched for 100/700 keys (14.3%)
[Yahoo] percent-owned fetched for 200/700 keys (28.6%)
[Yahoo] percent-owned fetched for 300/700 keys (42.9%)
[Yahoo] percent-owned fetched for 400/700 keys (57.1%)
[Yahoo] percent-owned fetched for 500/700 keys (71.4%)
[Yahoo] percent-owned fetched for 600/700 keys (85.7%)
[Yahoo] percent-owned fetched for 700/700 keys (100.0%)
[Yahoo] processed 100/700 (14.3%)
[Yahoo] processed 200/700 (28.6%)
[Yahoo] processed 300/700 (42.9%)
[Yahoo] processed 400/700 (57.1%)
[Yahoo] processed 500/700 (71.4%)
[Yahoo] processed 600/700 (85.7%)
[Yahoo] processed 700/700 (100.0%)
[BQ] loading 700 rows to fantasy-survivor-app.nba_data.player_ownership …
[BQ] done. 700 rows → fantasy-survivor-app.nba_data.player_ownership (2025-11-11, week=current)
